// Jest Snapshot v1, https://goo.gl/fbAQLP

exports[`app snapshot renders the screen 1`] = `
<RCTSafeAreaView
  style={
    Object {
      "flex": 1,
    }
  }
>
  <View
    onLayout={[Function]}
    style={
      Object {
        "flex": 1,
      }
    }
  >
    <View
      onMoveShouldSetResponder={[Function]}
      onMoveShouldSetResponderCapture={[Function]}
      onResponderEnd={[Function]}
      onResponderGrant={[Function]}
      onResponderMove={[Function]}
      onResponderReject={[Function]}
      onResponderRelease={[Function]}
      onResponderStart={[Function]}
      onResponderTerminate={[Function]}
      onResponderTerminationRequest={[Function]}
      onStartShouldSetResponder={[Function]}
      onStartShouldSetResponderCapture={[Function]}
      style={
        Object {
          "flex": 1,
        }
      }
    >
      <View
        accessible={true}
        onResponderGrant={[Function]}
        onResponderMove={[Function]}
        onResponderRelease={[Function]}
        onResponderTerminate={[Function]}
        onResponderTerminationRequest={[Function]}
        onStartShouldSetResponder={[Function]}
        style={
          Object {
            "flex": 1,
          }
        }
      >
        <View
          style={
            Object {
              "alignItems": "center",
              "marginTop": 20,
              "padding": 0,
            }
          }
        >
          <View
            style={
              Object {
                "flex": 1,
                "flexBasis": "100%",
                "justifyContent": "center",
                "width": "85%",
              }
            }
          >
            <Text
              style={
                Object {
                  "fontSize": 30,
                  "textAlign": "center",
                }
              }
            >
              
            </Text>
            <View
              style={Object {}}
            >
              <View
                style={
                  Object {
                    "marginBottom": 20,
                    "marginTop": 20,
                  }
                }
              >
                <Text
                  style={
                    Object {
                      "fontSize": 60,
                      "textAlign": "center",
                    }
                  }
                >
                  12:22 pm
                </Text>
              </View>
            </View>
            <View
              style={
                Object {
                  "borderRadius": 3,
                }
              }
            >
              <View
                accessible={true}
                isTVSelectable={true}
                onResponderGrant={[Function]}
                onResponderMove={[Function]}
                onResponderRelease={[Function]}
                onResponderTerminate={[Function]}
                onResponderTerminationRequest={[Function]}
                onStartShouldSetResponder={[Function]}
                style={
                  Object {
                    "opacity": 1,
                  }
                }
              >
                <View
                  style={
                    Object {
                      "alignItems": "center",
                      "backgroundColor": "#000000",
                      "borderColor": "#2089dc",
                      "borderRadius": 3,
                      "borderWidth": 0,
                      "flexDirection": "row",
                      "justifyContent": "center",
                      "padding": 15,
                    }
                  }
                >
                  <Text
                    style={
                      Object {
                        "color": "white",
                        "fontSize": 18,
                        "paddingBottom": 1,
                        "paddingTop": 2,
                        "textAlign": "center",
                      }
                    }
                  >
                    Snooze
                  </Text>
                </View>
              </View>
            </View>
          </View>
        </View>
      </View>
    </View>
  </View>
</RCTSafeAreaView>
`;
