// Jest Snapshot v1, https://goo.gl/fbAQLP

exports[`HomeScreen snapshot renders correctly 1`] = `
<View
  style={
    Object {
      "backgroundColor": "#fff",
      "flex": 1,
    }
  }
>
  <View
    style={
      Object {
        "alignItems": "center",
        "backgroundColor": "#fbfbfb",
        "bottom": 0,
        "left": 0,
        "paddingVertical": 20,
        "position": "absolute",
        "right": 0,
        "shadowColor": "black",
        "shadowOpacity": 0.1,
        "shadowRadius": 3,
      }
    }
  >
    <Text
      style={
        Object {
          "color": "rgba(96,100,109, 1)",
          "fontSize": 17,
          "textAlign": "center",
        }
      }
    >
      This is a tab bar. You can edit it in:
    </Text>
    <View
      style={
        Array [
          Object {
            "backgroundColor": "rgba(0,0,0,0.05)",
            "borderRadius": 3,
            "paddingHorizontal": 4,
          },
          Object {
            "marginTop": 5,
          },
        ]
      }
    >
      <Text
        style={
          Array [
            Object {
              "color": "rgba(96,100,109, 0.8)",
            },
            Object {
              "fontFamily": "SpaceMono",
            },
          ]
        }
      >
        src/navigation/MainTabNavigator.tsx
      </Text>
    </View>
  </View>
</View>
`;
