// Jest Snapshot v1, https://goo.gl/fbAQLP

exports[`renders correctly 1`] = `
<RCTSafeAreaView
  style={
    Object {
      "flex": 1,
    }
  }
>
  <View
    style={
      Object {
        "alignItems": "center",
        "backgroundColor": "lightsteelblue",
        "flex": 1,
        "justifyContent": "center",
      }
    }
  >
    <View
      style={
        Object {
          "alignItems": "center",
          "bottom": 50,
          "flex": 1,
          "justifyContent": "center",
          "width": "100%",
        }
      }
    >
      <Text
        style={
          Object {
            "color": "black",
            "fontSize": 32,
            "fontWeight": "bold",
            "textAlign": "center",
          }
        }
        theme={
          Object {
            "colors": Object {
              "disabled": "hsl(208, 8%, 90%)",
              "divider": "#bcbbc1",
              "error": "#ff190c",
              "grey0": "#393e42",
              "grey1": "#43484d",
              "grey2": "#5e6977",
              "grey3": "#86939e",
              "grey4": "#bdc6cf",
              "grey5": "#e1e8ee",
              "greyOutline": "#bbb",
              "platform": Object {
                "android": Object {
                  "error": "#f44336",
                  "primary": "#2196f3",
                  "secondary": "#9C27B0",
                  "success": "#4caf50",
                  "warning": "#ffeb3b",
                },
                "ios": Object {
                  "error": "#ff3b30",
                  "primary": "#007aff",
                  "secondary": "#5856d6",
                  "success": "#4cd964",
                  "warning": "#ffcc00",
                },
              },
              "primary": "#2089dc",
              "searchBg": "#303337",
              "secondary": "#8F0CE8",
              "success": "#52c41a",
              "warning": "#faad14",
            },
          }
        }
      >
        Enter new Settings passcode:
      </Text>
      <View
        style={
          Object {
            "backgroundColor": "white",
            "borderRadius": 5,
            "marginTop": 20,
            "paddingHorizontal": 10,
            "width": "70%",
          }
        }
      >
        <View
          style={
            Object {
              "alignItems": "center",
              "borderBottomWidth": 1,
              "borderColor": "#86939e",
              "flexDirection": "row",
              "marginBottom": 5,
              "marginTop": 5,
              "transform": Array [
                Object {
                  "translateX": 0,
                },
              ],
            }
          }
        >
          <View
            style={
              Object {
                "alignItems": "center",
                "height": 40,
                "justifyContent": "center",
                "marginLeft": 15,
              }
            }
          >
            <Text />
          </View>
          <TextInput
            allowFontScaling={true}
            autoFocus={true}
            blurOnSubmit={false}
            caretHidden={true}
            keyboardType="numeric"
            maxLength={4}
            onChangeText={[Function]}
            onSubmitEditing={[Function]}
            secureTextEntry={true}
            style={
              Object {
                "alignSelf": "center",
                "color": "black",
                "flex": 1,
                "fontSize": 32,
                "letterSpacing": 30,
                "marginLeft": 10,
                "minHeight": 40,
                "textAlign": "left",
              }
            }
            testID="RNE__Input__text-input"
            underlineColorAndroid="transparent"
          />
        </View>
      </View>
    </View>
  </View>
</RCTSafeAreaView>
`;
