// Jest Snapshot v1, https://goo.gl/fbAQLP

exports[`renders correctly 1`] = `
<RCTSafeAreaView
  style={
    Object {
      "flex": 1,
    }
  }
>
  <View
    style={
      Object {
        "alignItems": "center",
        "flex": 1,
        "justifyContent": "center",
      }
    }
  >
    <Text
      style={
        Object {
          "fontSize": 20,
        }
      }
    >
      Enter new Settings passcode:
    </Text>
    <Text
      style={
        Object {
          "color": "red",
          "fontSize": 15,
        }
      }
    >
       
    </Text>
    <TextInput
      allowFontScaling={true}
      autoFocus={true}
      blurOnSubmit={false}
      caretHidden={true}
      keyboardType="number-pad"
      maxLength={4}
      onChangeText={[Function]}
      onSubmitEditing={[Function]}
      secureTextEntry={true}
      style={
        Object {
          "fontSize": 50,
        }
      }
      underlineColorAndroid="transparent"
    />
  </View>
</RCTSafeAreaView>
`;
