// Jest Snapshot v1, https://goo.gl/fbAQLP

exports[`renders correctly 1`] = `
<RCTSafeAreaView
  style={
    Object {
      "flex": 1,
    }
  }
>
  <View
    accessible={true}
    onResponderGrant={[Function]}
    onResponderMove={[Function]}
    onResponderRelease={[Function]}
    onResponderTerminate={[Function]}
    onResponderTerminationRequest={[Function]}
    onStartShouldSetResponder={[Function]}
    style={
      Object {
        "alignItems": "center",
        "flex": 1,
        "justifyContent": "center",
      }
    }
  >
    <Text />
    <Text
      style={
        Object {
          "fontSize": 17,
        }
      }
    >
      No alarms yet
    </Text>
    <Text
      style={
        Array [
          Object {
            "color": "#5e5e5e",
            "fontSize": 15,
          },
          Object {
            "color": "#007aff",
          },
        ]
      }
    >
      Tap here to create one!
    </Text>
  </View>
</RCTSafeAreaView>
`;
