// Jest Snapshot v1, https://goo.gl/fbAQLP

exports[`renders correctly 1`] = `
<RCTSafeAreaView
  style={
    Object {
      "flex": 1,
    }
  }
>
  <View
    style={
      Object {
        "alignItems": "center",
        "flex": 1,
        "justifyContent": "center",
      }
    }
  >
    <Text />
    <Text
      style={
        Object {
          "fontSize": 17,
        }
      }
    >
      No alarms yet
    </Text>
    <Text
      style={
        Object {
          "color": "#5e5e5e",
          "fontSize": 15,
        }
      }
    >
      Create an alarm to set your child's bedtime
    </Text>
  </View>
</RCTSafeAreaView>
`;
