// Jest Snapshot v1, https://goo.gl/fbAQLP

exports[`HeaderBackButton renders correctly 1`] = `
<View
  style={
    Object {
      "borderRadius": 3,
    }
  }
>
  <View
    accessible={true}
    isTVSelectable={true}
    onResponderGrant={[Function]}
    onResponderMove={[Function]}
    onResponderRelease={[Function]}
    onResponderTerminate={[Function]}
    onResponderTerminationRequest={[Function]}
    onStartShouldSetResponder={[Function]}
    style={
      Object {
        "opacity": 1,
      }
    }
  >
    <View
      style={
        Object {
          "alignItems": "center",
          "backgroundColor": "transparent",
          "borderColor": "#2089dc",
          "borderRadius": 3,
          "borderWidth": 0,
          "flexDirection": "row",
          "justifyContent": "center",
          "padding": 8,
        }
      }
    >
      <Text
        style={
          Object {
            "color": "#ff3b30",
            "fontSize": 18,
            "marginLeft": 10,
            "paddingBottom": 1,
            "paddingTop": 2,
            "textAlign": "center",
          }
        }
      >
        Test Button
      </Text>
    </View>
  </View>
</View>
`;
